// Jest Snapshot v1, https://goo.gl/fbAQLP

exports[`TodoList renders without crashing 1`] = `
<TodoList
  onTodoClick={[Function]}
  todos={Array []}
>
  <ul
    className="TodoList"
  />
</TodoList>
`;
