// Jest Snapshot v1, https://goo.gl/fbAQLP

exports[`Counter renders 1`] = `
<div>
  <div>
    0
  </div>
  <button
    onClick={[Function]}
  >
    -
  </button>
  <button
    onClick={[Function]}
  >
    +
  </button>
</div>
`;
