exports[`TodoList renders without crashing 1`] = `
<TodoList
  onTodoClick={[Function]}
  todos={Array []}>
  <ul
    className="todoList" />
</TodoList>
`;
